// Jest Snapshot v1, https://goo.gl/fbAQLP

exports[`Item component should render and match snapshot 1`] = `
<ItemStyles__Item>
  <img
    alt="One more item"
    src="image.jpg"
  />
  <Title>
    <Link
      href={
        Object {
          "pathname": "/item",
          "query": Object {
            "id": "uniqueId",
          },
        }
      }
    >
      <a>
        One more item
      </a>
    </Link>
  </Title>
  <PriceTag>
    BYNÂ 50
  </PriceTag>
  <p>
    One more item description
  </p>
  <div
    className="buttonList"
  >
    <Link
      href={
        Object {
          "pathname": "update",
          "query": Object {
            "id": "uniqueId",
          },
        }
      }
    >
      <a>
        Edit
      </a>
    </Link>
    <AddToCart
      id="uniqueId"
    />
    <DeleteItem
      id="uniqueId"
    >
      Delete Item
    </DeleteItem>
  </div>
</ItemStyles__Item>
`;
